Binding: 1
Binding: 3
Binding: 4
Binding: 5
Return: 10
10
